// Jest Snapshot v1, https://goo.gl/fbAQLP

exports[`render capabilities component <Capabilities /> 1`] = `
<div
  className="container"
>
  <div
    className="row"
  >
    <div
      className="col-6 col-md-3 form-check"
    >
      <label
        className="form-check-label"
      >
        <input
          checked={false}
          className="form-check-input"
          id="update-equipment"
          onChange={[Function]}
          type="checkbox"
        />
        equipment
      </label>
    </div>
    <div
      className="col-6 col-md-3 form-check"
    >
      <label
        className="form-check-label"
      >
        <input
          checked={false}
          className="form-check-input"
          id="update-timers"
          onChange={[Function]}
          type="checkbox"
        />
        timers
      </label>
    </div>
    <div
      className="col-6 col-md-3 form-check"
    >
      <label
        className="form-check-label"
      >
        <input
          checked={false}
          className="form-check-input"
          id="update-lighting"
          onChange={[Function]}
          type="checkbox"
        />
        lighting
      </label>
    </div>
    <div
      className="col-6 col-md-3 form-check"
    >
      <label
        className="form-check-label"
      >
        <input
          checked={false}
          className="form-check-input"
          id="update-ato"
          onChange={[Function]}
          type="checkbox"
        />
        ato
      </label>
    </div>
    <div
      className="col-6 col-md-3 form-check"
    >
      <label
        className="form-check-label"
      >
        <input
          checked={false}
          className="form-check-input"
          id="update-temperature"
          onChange={[Function]}
          type="checkbox"
        />
        temperature
      </label>
    </div>
    <div
      className="col-6 col-md-3 form-check"
    >
      <label
        className="form-check-label"
      >
        <input
          checked={false}
          className="form-check-input"
          id="update-camera"
          onChange={[Function]}
          type="checkbox"
        />
        camera
      </label>
    </div>
    <div
      className="col-6 col-md-3 form-check"
    >
      <label
        className="form-check-label"
      >
        <input
          checked={false}
          className="form-check-input"
          id="update-doser"
          onChange={[Function]}
          type="checkbox"
        />
        doser
      </label>
    </div>
    <div
      className="col-6 col-md-3 form-check"
    >
      <label
        className="form-check-label"
      >
        <input
          checked={false}
          className="form-check-input"
          id="update-ph"
          onChange={[Function]}
          type="checkbox"
        />
        ph
      </label>
    </div>
    <div
      className="col-6 col-md-3 form-check"
    >
      <label
        className="form-check-label"
      >
        <input
          checked={false}
          className="form-check-input"
          id="update-journal"
          onChange={[Function]}
          type="checkbox"
        />
        journal
      </label>
    </div>
    <div
      className="col-6 col-md-3 form-check"
    >
      <label
        className="form-check-label"
      >
        <input
          checked={false}
          className="form-check-input"
          id="update-macro"
          onChange={[Function]}
          type="checkbox"
        />
        macro
      </label>
    </div>
    <div
      className="col-6 col-md-3 form-check"
    >
      <label
        className="form-check-label"
      >
        <input
          checked={false}
          className="form-check-input"
          id="update-health_check"
          onChange={[Function]}
          type="checkbox"
        />
        health_check
      </label>
    </div>
    <div
      className="col-6 col-md-3 form-check"
    >
      <label
        className="form-check-label"
      >
        <input
          checked={false}
          className="form-check-input"
          id="update-dashboard"
          onChange={[Function]}
          type="checkbox"
        />
        dashboard
      </label>
    </div>
    <div
      className="col-6 col-md-3 form-check"
    >
      <label
        className="form-check-label"
      >
        <input
          checked={false}
          className="form-check-input"
          id="update-dev_mode"
          onChange={[Function]}
          type="checkbox"
        />
        dev_mode
      </label>
    </div>
  </div>
</div>
`;
